[-1, -1] => -2 
[-1, 2] => 1 
[-1, 3] => 2 
[-1, 4] => 3 
[2, -1] => 1 
[2, 2] => 4 
[2, 3] => 5 
[2, 4] => 6 
[3, -1] => 2 
[3, 2] => 5 
[3, 3] => 6 
[3, 4] => 7 
[4, -1] => 3 
[4, 2] => 6 
[4, 3] => 7 
[4, 4] => 8 
